[36mvite v6.4.1 [32mbuilding for production...[36m[39m
transforming...
[32mΓ£ô[39m 1202 modules transformed.
rendering chunks...
[plugin vite:reporter] 
(!) C:/Users/15023063/OneDrive/arkon-trading-app/src/utils/mqlCode.ts is dynamically imported by C:/Users/15023063/OneDrive/arkon-trading-app/src/App.tsx but also statically imported by C:/Users/15023063/OneDrive/arkon-trading-app/src/components/Mql5Settings.tsx, dynamic import will not move module into another chunk.

computing gzip size...
[2mdist/[22m[32mindex.html                 [39m[1m[2m  1.14 kB[22m[1m[22m[2m Γöé gzip:   0.68 kB[22m
[2mdist/[22m[35massets/index-BHrL-quu.css  [39m[1m[2m 83.00 kB[22m[1m[22m[2m Γöé gzip:  12.28 kB[22m
[2mdist/[22m[36massets/index-C2_NF08P.js   [39m[1m[33m790.61 kB[39m[22m[2m Γöé gzip: 221.87 kB[22m

(!) Some chunks are larger than 500 kB after minification. Consider:
- Using dynamic import() to code-split the application
- Use build.rollupOptions.output.manualChunks to improve chunking: https://rollupjs.org/configuration-options/#output-manualchunks
- Adjust chunk size limit for this warning via build.chunkSizeWarningLimit.
[32mΓ£ô built in 48.55s[39m
EXIT:0
